  Source.cpp
glfw3.lib(init.obj) : warning LNK4099: PDB 'glfw.pdb' was not found with 'glfw3.lib(init.obj)' or at 'C:\Users\susmachine\Desktop\Computer_Graphics\Beadando3\x64\Debug\glfw.pdb'; linking object as if no debug info
glfw3.lib(window.obj) : warning LNK4099: PDB 'glfw.pdb' was not found with 'glfw3.lib(window.obj)' or at 'C:\Users\susmachine\Desktop\Computer_Graphics\Beadando3\x64\Debug\glfw.pdb'; linking object as if no debug info
glfw3.lib(input.obj) : warning LNK4099: PDB 'glfw.pdb' was not found with 'glfw3.lib(input.obj)' or at 'C:\Users\susmachine\Desktop\Computer_Graphics\Beadando3\x64\Debug\glfw.pdb'; linking object as if no debug info
glfw3.lib(context.obj) : warning LNK4099: PDB 'glfw.pdb' was not found with 'glfw3.lib(context.obj)' or at 'C:\Users\susmachine\Desktop\Computer_Graphics\Beadando3\x64\Debug\glfw.pdb'; linking object as if no debug info
glfw3.lib(win32_init.obj) : warning LNK4099: PDB 'glfw.pdb' was not found with 'glfw3.lib(win32_init.obj)' or at 'C:\Users\susmachine\Desktop\Computer_Graphics\Beadando3\x64\Debug\glfw.pdb'; linking object as if no debug info
glfw3.lib(win32_monitor.obj) : warning LNK4099: PDB 'glfw.pdb' was not found with 'glfw3.lib(win32_monitor.obj)' or at 'C:\Users\susmachine\Desktop\Computer_Graphics\Beadando3\x64\Debug\glfw.pdb'; linking object as if no debug info
glfw3.lib(win32_time.obj) : warning LNK4099: PDB 'glfw.pdb' was not found with 'glfw3.lib(win32_time.obj)' or at 'C:\Users\susmachine\Desktop\Computer_Graphics\Beadando3\x64\Debug\glfw.pdb'; linking object as if no debug info
glfw3.lib(win32_thread.obj) : warning LNK4099: PDB 'glfw.pdb' was not found with 'glfw3.lib(win32_thread.obj)' or at 'C:\Users\susmachine\Desktop\Computer_Graphics\Beadando3\x64\Debug\glfw.pdb'; linking object as if no debug info
glfw3.lib(monitor.obj) : warning LNK4099: PDB 'glfw.pdb' was not found with 'glfw3.lib(monitor.obj)' or at 'C:\Users\susmachine\Desktop\Computer_Graphics\Beadando3\x64\Debug\glfw.pdb'; linking object as if no debug info
glfw3.lib(vulkan.obj) : warning LNK4099: PDB 'glfw.pdb' was not found with 'glfw3.lib(vulkan.obj)' or at 'C:\Users\susmachine\Desktop\Computer_Graphics\Beadando3\x64\Debug\glfw.pdb'; linking object as if no debug info
glfw3.lib(win32_window.obj) : warning LNK4099: PDB 'glfw.pdb' was not found with 'glfw3.lib(win32_window.obj)' or at 'C:\Users\susmachine\Desktop\Computer_Graphics\Beadando3\x64\Debug\glfw.pdb'; linking object as if no debug info
glfw3.lib(win32_joystick.obj) : warning LNK4099: PDB 'glfw.pdb' was not found with 'glfw3.lib(win32_joystick.obj)' or at 'C:\Users\susmachine\Desktop\Computer_Graphics\Beadando3\x64\Debug\glfw.pdb'; linking object as if no debug info
glfw3.lib(wgl_context.obj) : warning LNK4099: PDB 'glfw.pdb' was not found with 'glfw3.lib(wgl_context.obj)' or at 'C:\Users\susmachine\Desktop\Computer_Graphics\Beadando3\x64\Debug\glfw.pdb'; linking object as if no debug info
glfw3.lib(egl_context.obj) : warning LNK4099: PDB 'glfw.pdb' was not found with 'glfw3.lib(egl_context.obj)' or at 'C:\Users\susmachine\Desktop\Computer_Graphics\Beadando3\x64\Debug\glfw.pdb'; linking object as if no debug info
glfw3.lib(osmesa_context.obj) : warning LNK4099: PDB 'glfw.pdb' was not found with 'glfw3.lib(osmesa_context.obj)' or at 'C:\Users\susmachine\Desktop\Computer_Graphics\Beadando3\x64\Debug\glfw.pdb'; linking object as if no debug info
soil2-debug.lib(SOIL2.obj) : warning LNK4099: PDB 'soil2-debug.pdb' was not found with 'soil2-debug.lib(SOIL2.obj)' or at 'C:\Users\susmachine\Desktop\Computer_Graphics\Beadando3\x64\Debug\soil2-debug.pdb'; linking object as if no debug info
soil2-debug.lib(image_DXT.obj) : warning LNK4099: PDB 'soil2-debug.pdb' was not found with 'soil2-debug.lib(image_DXT.obj)' or at 'C:\Users\susmachine\Desktop\Computer_Graphics\Beadando3\x64\Debug\soil2-debug.pdb'; linking object as if no debug info
soil2-debug.lib(etc1_utils.obj) : warning LNK4099: PDB 'soil2-debug.pdb' was not found with 'soil2-debug.lib(etc1_utils.obj)' or at 'C:\Users\susmachine\Desktop\Computer_Graphics\Beadando3\x64\Debug\soil2-debug.pdb'; linking object as if no debug info
soil2-debug.lib(image_helper.obj) : warning LNK4099: PDB 'soil2-debug.pdb' was not found with 'soil2-debug.lib(image_helper.obj)' or at 'C:\Users\susmachine\Desktop\Computer_Graphics\Beadando3\x64\Debug\soil2-debug.pdb'; linking object as if no debug info
  Beadando3.vcxproj -> C:\Users\susmachine\Desktop\Computer_Graphics\Beadando3\x64\Debug\Beadando3.exe
